::1 - - [15/Mar/2026:19:20:29 -0400] "GET / HTTP/1.1" 200 10926 "-" "curl/8.5.0"
::1 - - [16/Mar/2026:15:45:20 -0400] "GET / HTTP/1.1" 200 10926 "-" "curl/8.5.0"
::1 - - [16/Mar/2026:15:45:20 -0400] "GET / HTTP/1.1" 200 10926 "-" "curl/8.5.0"
::1 - - [16/Mar/2026:15:45:20 -0400] "GET / HTTP/1.1" 200 10926 "-" "curl/8.5.0"
::1 - - [16/Mar/2026:15:45:20 -0400] "GET / HTTP/1.1" 200 10926 "-" "curl/8.5.0"
::1 - - [16/Mar/2026:15:45:20 -0400] "GET / HTTP/1.1" 200 10926 "-" "curl/8.5.0"
::1 - - [16/Mar/2026:15:45:20 -0400] "GET / HTTP/1.1" 200 10926 "-" "curl/8.5.0"
::1 - - [16/Mar/2026:15:45:20 -0400] "GET / HTTP/1.1" 200 10926 "-" "curl/8.5.0"
::1 - - [16/Mar/2026:15:45:20 -0400] "GET / HTTP/1.1" 200 10926 "-" "curl/8.5.0"
::1 - - [16/Mar/2026:15:45:20 -0400] "GET / HTTP/1.1" 200 10926 "-" "curl/8.5.0"
::1 - - [16/Mar/2026:15:45:20 -0400] "GET / HTTP/1.1" 200 10926 "-" "curl/8.5.0"
::1 - - [16/Mar/2026:15:45:20 -0400] "GET / HTTP/1.1" 200 10926 "-" "curl/8.5.0"
::1 - - [16/Mar/2026:15:45:20 -0400] "GET / HTTP/1.1" 200 10926 "-" "curl/8.5.0"
::1 - - [16/Mar/2026:15:45:20 -0400] "GET / HTTP/1.1" 200 10926 "-" "curl/8.5.0"
::1 - - [16/Mar/2026:15:45:21 -0400] "GET / HTTP/1.1" 200 10926 "-" "curl/8.5.0"
::1 - - [16/Mar/2026:15:45:21 -0400] "GET / HTTP/1.1" 200 10926 "-" "curl/8.5.0"
::1 - - [16/Mar/2026:15:45:21 -0400] "GET / HTTP/1.1" 200 10926 "-" "curl/8.5.0"
::1 - - [16/Mar/2026:15:45:21 -0400] "GET / HTTP/1.1" 200 10926 "-" "curl/8.5.0"
::1 - - [16/Mar/2026:15:45:21 -0400] "GET / HTTP/1.1" 200 10926 "-" "curl/8.5.0"
::1 - - [16/Mar/2026:15:45:21 -0400] "GET / HTTP/1.1" 200 10926 "-" "curl/8.5.0"
::1 - - [16/Mar/2026:15:45:21 -0400] "GET / HTTP/1.1" 200 10926 "-" "curl/8.5.0"
::1 - - [16/Mar/2026:15:47:21 -0400] "GET /admin HTTP/1.1" 404 432 "-" "curl/8.5.0"
::1 - - [16/Mar/2026:15:47:33 -0400] "GET /secret HTTP/1.1" 404 432 "-" "curl/8.5.0"
::1 - - [16/Mar/2026:15:47:50 -0400] "GET /.git HTTP/1.1" 404 432 "-" "curl/8.5.0"
::1 - - [16/Mar/2026:15:48:03 -0400] "GET /wp-admin HTTP/1.1" 404 432 "-" "curl/8.5.0"
::1 - - [16/Mar/2026:15:48:38 -0400] "GET / HTTP/1.1" 200 10926 "-" "sqlmap/1.5"
::1 - - [16/Mar/2026:15:49:05 -0400] "GET / HTTP/1.1" 200 10926 "-" "Nmap Scripting Engine"
::1 - - [16/Mar/2026:15:49:30 -0400] "GET / HTTP/1.1" 200 10926 "-" "BadBot/666"
::1 - - [16/Mar/2026:15:53:17 -0400] "GET / HTTP/1.1" 200 10926 "-" "curl/8.5.0"
::1 - - [16/Mar/2026:15:53:39 -0400] "GET /hidden HTTP/1.1" 404 432 "-" "BadBot/999"
::1 - - [16/Mar/2026:15:54:36 -0400] "GET /admin HTTP/1.1" 404 432 "-" "curl/8.5.0"
::1 - - [16/Mar/2026:16:24:02 -0400] "GET / HTTP/1.1" 200 10926 "-" "curl/8.5.0"
::1 - - [16/Mar/2026:16:24:25 -0400] "GET /hidden HTTP/1.1" 404 432 "-" "BadBot/999"
::1 - - [16/Mar/2026:16:25:19 -0400] "GET / HTTP/1.1" 200 10926 "-" "sqlmap/1.5"
::1 - - [16/Mar/2026:16:25:40 -0400] "GET / HTTP/1.1" 200 10926 "-" "Nmap Scripting Engine"
::1 - - [16/Mar/2026:16:26:03 -0400] "GET /admin HTTP/1.1" 404 432 "-" "curl/8.5.0"
::1 - - [16/Mar/2026:23:28:56 -0400] "GET / HTTP/1.1" 200 10926 "-" "curl/8.5.0"
::1 - - [16/Mar/2026:23:29:31 -0400] "GET /hiddem HTTP/1.1" 404 432 "-" "BadBot/999"
::1 - - [16/Mar/2026:23:30:24 -0400] "GET / HTTP/1.1" 200 10926 "-" "sqlmap/1.5"
::1 - - [16/Mar/2026:23:30:54 -0400] "GET / HTTP/1.1" 200 10926 "-" "Nmap Scripting Engine"
::1 - - [16/Mar/2026:23:31:09 -0400] "GET /admin HTTP/1.1" 404 432 "-" "curl/8.5.0"
